// Jest Snapshot v1, https://goo.gl/fbAQLP

exports[`ControllerHotels sumTotalPriceByDate It should equal to snapshot 1`] = `
Array [
  Object {
    "description": "Just off Interstate 85, this hotel features free Wi-Fi and a daily continental breakfast with hot waffles. The Charlotte Motor Speedway is a 15 minute drive from the hotel.",
    "image": "https://www.raphaelfabeni.com.br/rv/test-resources/hotels/super-8.jpg",
    "name": "Super 8 Speedway/University",
    "price": "360.0",
    "pricePerDay": "180.00",
    "price_history": Array [
      Object {
        "month": "Jan",
        "value": 146,
      },
      Object {
        "month": "Feb",
        "value": 182,
      },
      Object {
        "month": "Mar",
        "value": 130,
      },
      Object {
        "month": "Apr",
        "value": 119,
      },
      Object {
        "month": "May",
        "value": 171,
      },
      Object {
        "month": "Jun",
        "value": 154,
      },
      Object {
        "month": "Jul",
        "value": 163,
      },
    ],
    "rate": 3,
    "stay": 1,
  },
  Object {
    "description": "The Omni Charlotte Hotel envelopes you in ultimate comfort with a signature touch of genuine North Carolina hospitality.",
    "image": "https://www.raphaelfabeni.com.br/rv/test-resources/hotels/omni-charlotte.jpg",
    "name": "Omni Charlotte Hotel",
    "price": "561.0",
    "pricePerDay": "280.50",
    "price_history": Array [
      Object {
        "month": "Jan",
        "value": 302,
      },
      Object {
        "month": "Feb",
        "value": 219,
      },
      Object {
        "month": "Mar",
        "value": 300,
      },
      Object {
        "month": "Apr",
        "value": 229,
      },
      Object {
        "month": "May",
        "value": 272,
      },
      Object {
        "month": "Jun",
        "value": 249,
      },
      Object {
        "month": "Jul",
        "value": 239,
      },
    ],
    "rate": 4,
    "stay": 1,
  },
  Object {
    "description": "Located in Uptown Charlotte, this Marriott City Center hotel offers spacious rooms with a flat-screen TV and free WiFi in public areas. Facilities include a 24-hour fitness centre. Parking is offered for a fee.",
    "image": "https://www.raphaelfabeni.com.br/rv/test-resources/hotels/charlotte-marriot.jpg",
    "name": "Charlotte Marriott City Center",
    "price": "380.0",
    "pricePerDay": "190.00",
    "price_history": Array [
      Object {
        "month": "Jan",
        "value": 141.9,
      },
      Object {
        "month": "Feb",
        "value": 162.2,
      },
      Object {
        "month": "Mar",
        "value": 135.8,
      },
      Object {
        "month": "Apr",
        "value": 195,
      },
      Object {
        "month": "May",
        "value": 169.8,
      },
      Object {
        "month": "Jun",
        "value": 105.2,
      },
      Object {
        "month": "Jul",
        "value": 182.5,
      },
    ],
    "rate": 4,
    "stay": 1,
  },
]
`;
